---
source: src/compute_rules.rs
info:
  bundle_name: ergo2024_breaking_only
  options:
    match_constructor_through_ref: true
    eat_inherited_ref_alone: false
    inherited_ref_on_ref: EatInner
    fallback_to_outer: false
    allow_ref_pat_on_ref_mut: false
    simplify_deref_mut: true
    downgrade_mut_inside_shared: false
    dont_eat_mut_inside_shared: false
    ref_binding_on_inherited: ResetBindingMode
    mut_binding_on_inherited: Error
---
place, m ⊢ p0: T0,  place, m ⊢ p1: T1
----------------------------------------- "Constructor"
place, m ⊢ [p0, p1]: [T0, T1]

value, ro ⊢ p0: &T0,  value, ro ⊢ p1: &T1
--------------------------------------------- "ConstructorRef"
b, m ⊢ [p0, p1]: &[T0, T1]

value, m ⊢ p0: &mut T0,  value, m ⊢ p1: &mut T1
--------------------------------------------------- "ConstructorRef"
b, m ⊢ [p0, p1]: &mut [T0, T1]

value, ro ⊢ [p0, p1]: &T
-------------------------- "ConstructorMultiRef"
b, m ⊢ [p0, p1]: &&T

value, ro ⊢ [p0, p1]: &T
-------------------------- "ConstructorMultiRef"
b, m ⊢ [p0, p1]: &&mut T

value, ro ⊢ [p0, p1]: &T
-------------------------- "ConstructorMultiRef"
b, m ⊢ [p0, p1]: &mut &T

value, m ⊢ [p0, p1]: &mut T
------------------------------ "ConstructorMultiRef"
b, m ⊢ [p0, p1]: &mut &mut T

place, ro ⊢ p: T
------------------- "Deref(EatOuter)"
place, m ⊢ &p: &T

place, m ⊢ p: T
--------------------------- "Deref(EatOuter)"
place, m ⊢ &mut p: &mut T

value, ro ⊢ p: &T
-------------------- "Deref(EatInner)"
value, m ⊢ &p: &&T

value, ro ⊢ p: &mut T
------------------------ "Deref(EatInner)"
value, m ⊢ &p: &mut &T

value, m ⊢ p: &T
---------------------------- "Deref(EatInner)"
value, m ⊢ &mut p: &&mut T

value, m ⊢ p: &mut T
-------------------------------- "Deref(EatInner)"
value, m ⊢ &mut p: &mut &mut T

b, m ⊢ ref x: T
---------------------- "RefBindingResetBindingMode"
value, m ⊢ ref x: &T

b, m ⊢ ref x: T
-------------------------- "RefBindingResetBindingMode"
value, m ⊢ ref x: &mut T

b, m ⊢ ref mut x: T
-------------------------- "RefBindingResetBindingMode"
value, m ⊢ ref mut x: &T

b, m ⊢ ref mut x: T
------------------------------ "RefBindingResetBindingMode"
value, m ⊢ ref mut x: &mut T

value, m ⊢ x: &T
--------------------- "BindingBorrow"
place, m ⊢ ref x: T

value, m ⊢ x: &mut T
------------------------- "BindingBorrow"
place, m ⊢ ref mut x: T


------------- "Binding"
b, m ⊢ x: T


--------------------- "Binding"
place, m ⊢ mut x: T
