---
source: src/analyses/compute_rules.rs
info:
  bundle_name: stable_rust
  options:
    match_constructor_through_ref: true
    eat_inherited_ref_alone: false
    inherited_ref_on_ref: EatBoth
    fallback_to_outer: false
    allow_ref_pat_on_ref_mut: false
    simplify_deref_mut: true
    downgrade_mut_inside_shared: false
    eat_mut_inside_shared: true
    ref_binding_on_inherited: ResetBindingMode
    mut_binding_on_inherited: ResetBindingMode
---
move, m ⊢ p0: T0,  move, m ⊢ p1: T1
----------------------------------- "Constructor"
move, m ⊢ [p0, p1]: [T0, T1]

ref, ro ⊢ p0: T0,  ref, ro ⊢ p1: T1
----------------------------------- "ConstructorRef"
move, m ⊢ [p0, p1]: &[T0, T1]

ref, ro ⊢ p0: T0,  ref, ro ⊢ p1: T1
----------------------------------- "ConstructorRef"
ref, m ⊢ [p0, p1]: [T0, T1]

ref mut, m ⊢ p0: T0,  ref mut, m ⊢ p1: T1
----------------------------------------- "ConstructorRef"
move, m ⊢ [p0, p1]: &mut [T0, T1]

ref mut, m ⊢ p0: T0,  ref mut, m ⊢ p1: T1
----------------------------------------- "ConstructorRef"
ref mut, m ⊢ [p0, p1]: [T0, T1]

ref, ro ⊢ [p0, p1]: T
----------------------- "ConstructorMultiRef"
move, m ⊢ [p0, p1]: &&T

ref, ro ⊢ [p0, p1]: T
--------------------------- "ConstructorMultiRef"
move, m ⊢ [p0, p1]: &&mut T

ref, ro ⊢ [p0, p1]: T
--------------------- "ConstructorMultiRef"
ref, m ⊢ [p0, p1]: &T

ref, ro ⊢ [p0, p1]: T
------------------------- "ConstructorMultiRef"
ref, m ⊢ [p0, p1]: &mut T

ref, ro ⊢ [p0, p1]: T
--------------------------- "ConstructorMultiRef"
move, m ⊢ [p0, p1]: &mut &T

ref mut, m ⊢ [p0, p1]: T
------------------------------- "ConstructorMultiRef"
move, m ⊢ [p0, p1]: &mut &mut T

ref, ro ⊢ [p0, p1]: T
------------------------- "ConstructorMultiRef"
ref mut, m ⊢ [p0, p1]: &T

ref mut, m ⊢ [p0, p1]: T
----------------------------- "ConstructorMultiRef"
ref mut, m ⊢ [p0, p1]: &mut T

move, ro ⊢ p: T
---------------- "Deref(EatOuter)"
move, m ⊢ &p: &T

move, m ⊢ p: T
------------------------ "Deref(EatOuter)"
move, m ⊢ &mut p: &mut T

move, ro ⊢ p: T
--------------- "Deref(EatBoth)"
ref, m ⊢ &p: &T

move, ro ⊢ p: T
------------------- "Deref(EatBoth)"
ref mut, m ⊢ &p: &T

move, m ⊢ p: T
----------------------- "Deref(EatBoth)"
ref, m ⊢ &mut p: &mut T

move, m ⊢ p: T
--------------------------- "Deref(EatBoth)"
ref mut, m ⊢ &mut p: &mut T

bm, m ⊢ ref x: T
----------------- "RefBindingResetBindingMode"
ref, m ⊢ ref x: T

bm, m ⊢ ref x: T
--------------------- "RefBindingResetBindingMode"
ref mut, m ⊢ ref x: T

bm, m ⊢ ref mut x: T
--------------------- "RefBindingResetBindingMode"
ref, m ⊢ ref mut x: T

bm, m ⊢ ref mut x: T
------------------------- "RefBindingResetBindingMode"
ref mut, m ⊢ ref mut x: T

bm, m ⊢ mut x: T
----------------- "MutBindingResetBindingMode"
ref, m ⊢ mut x: T

bm, m ⊢ mut x: T
--------------------- "MutBindingResetBindingMode"
ref mut, m ⊢ mut x: T

ref, m ⊢ x: T
------------------ "BindingBorrow"
move, m ⊢ ref x: T

ref mut, m ⊢ x: T
---------------------- "BindingBorrow"
move, m ⊢ ref mut x: T


------------ "Binding"
bm, m ⊢ x: T


------------------ "Binding"
move, m ⊢ mut x: T
