---
source: src/compute_rules.rs
info:
  bundle_name: ergo2024
  options:
    match_constructor_through_ref: true
    eat_inherited_ref_alone: true
    inherited_ref_on_ref: EatInner
    fallback_to_outer: true
    allow_ref_pat_on_ref_mut: true
    simplify_deref_mut: true
    downgrade_mut_inside_shared: true
    ref_binding_on_inherited: ResetBindingMode
    mut_binding_on_inherited: Error
    rules_display_style: Expression
---
p0 @ e.0: T0,  p1 @ e.1: T1
--------------------------- "Constructor"
[p0, p1] @ e: [T0, T1]

p0 @ &(*e).0: &T0,  p1 @ &(*e).1: &T1
------------------------------------- "ConstructorRef"
[p0, p1] @ e: &[T0, T1]

p0 @ &(*e).0: &T0,  p1 @ &(*e).1: &T1
---------------------------------------- "ConstructorRef"
[p0, p1] @ e: &mut [T0, T1], e read-only

p0 @ &mut (*e).0: &mut T0,  p1 @ &mut (*e).1: &mut T1
----------------------------------------------------- "ConstructorRef"
[p0, p1] @ e: &mut [T0, T1], e mutable

[p0, p1] @ *e: &T
----------------- "ConstructorMultiRef"
[p0, p1] @ e: &&T

[p0, p1] @ &**e: &T
--------------------- "ConstructorMultiRef"
[p0, p1] @ e: &&mut T

[p0, p1] @ *e: &T
--------------------- "ConstructorMultiRef"
[p0, p1] @ e: &mut &T

[p0, p1] @ &**e: &T
-------------------------------------- "ConstructorMultiRef"
[p0, p1] @ e: &mut &mut T, e read-only

[p0, p1] @ &mut **e: &mut T
------------------------------------ "ConstructorMultiRef"
[p0, p1] @ e: &mut &mut T, e mutable

p @ *e: T
-------------------------------- "Deref(EatOuter)"
&p @ e: &T, e is not a reference

p @ *&e: T
--------------------------------- "Deref(EatOuter)"
&p @ &e: &T, T is not a reference

p @ *e: T
---------------------------------------- "Deref(EatOuter)"
&mut p @ e: &mut T, e is not a reference

p @ e: T
--------------------------------------------- "Deref(EatOuter)"
&mut p @ &mut e: &mut T, T is not a reference

p @ &*e: &T
------------ "Deref(EatInner)"
&p @ &e: &&T

p @ &*e: &T
-------------------- "Deref(EatInner)"
&p @ &mut e: &mut &T

p @ &*e: &T
-------------------- "Deref(EatInner)"
&mut p @ &e: &&mut T

p @ e: &T
------------------------ "Deref(EatInner)"
&mut p @ &mut e: &mut &T

p @ &*e: &T
----------------------------------------- "Deref(EatInner)"
&mut p @ &mut e: &mut &mut T, e read-only

p @ &mut *e: &mut T
--------------------------------------- "Deref(EatInner)"
&mut p @ &mut e: &mut &mut T, e mutable

p @ *&*e: T
------------------------------------ "DerefMutWithShared(EatOuter)"
&p @ e: &mut T, e is not a reference

p @ *&e: T
----------------------------------------- "DerefMutWithShared(EatOuter)"
&p @ &mut e: &mut T, T is not a reference

p @ &*&*e: &T
---------------- "DerefMutWithShared(EatInner)"
&p @ &e: &&mut T

p @ &*&*e: &T
------------------------ "DerefMutWithShared(EatInner)"
&p @ &mut e: &mut &mut T

ref x @ e: T
-------------- "RefBindingResetBindingMode"
ref x @ &e: &T

ref x @ e: T
---------------------- "RefBindingResetBindingMode"
ref x @ &mut e: &mut T

ref mut x @ e: T
------------------ "RefBindingResetBindingMode"
ref mut x @ &e: &T

ref mut x @ e: T
-------------------------- "RefBindingResetBindingMode"
ref mut x @ &mut e: &mut T

x @ &e: &T
---------------------------------- "BindingBorrow"
ref x @ e: T, e is not a reference

x @ &mut e: &mut T
-------------------------------------- "BindingBorrow"
ref mut x @ e: T, e is not a reference


-------- "Binding"
x @ e: T


---------------------------------- "Binding"
mut x @ e: T, e is not a reference
