---
source: src/analyses/compute_rules.rs
info:
  bundle_name: structural
  options:
    match_constructor_through_ref: false
    eat_inherited_ref_alone: false
    inherited_ref_on_ref: Error
    fallback_to_outer: "No"
    allow_ref_pat_on_ref_mut: false
    simplify_deref_mut: true
    downgrade_mut_inside_shared: false
    eat_mut_inside_shared: false
    ref_binding_on_inherited: AllocTemporary
    mut_binding_on_inherited: Keep
---
p0 @ e.0: T0,  p1 @ e.1: T1
--------------------------- "Constructor"
[p0, p1] @ e: [T0, T1]

p @ *e: T
---------- "Deref"
&p @ e: &T

p @ *e: T
------------------ "Deref"
&mut p @ e: &mut T

x @ &e: &T
------------ "BindingBorrow"
ref x @ e: T

x @ &mut e: &mut T
------------------ "BindingBorrow"
ref mut x @ e: T


-------- "Binding"
x @ e: T


------------ "Binding"
mut x @ e: T
