---
source: src/compare.rs
info: stateless_add_rule3
---
Difference on `&[&mut ref x]: &&mut [CT]`:
   left returned: Success(&CT)
  right returned: TypeError("MutabilityMismatch")
Difference on `&[&mut ref x]: &mut &mut [CT]`:
   left returned: Success(&CT)
  right returned: TypeError("MutabilityMismatch")
Difference on `&[&mut x]: &&mut [CT]`:
   left returned: Success(CT)
  right returned: TypeError("MutabilityMismatch")
Difference on `&[&mut x]: &mut &mut [CT]`:
   left returned: Success(CT)
  right returned: TypeError("MutabilityMismatch")
Difference on `&[&mut mut x]: &&mut [CT]`:
   left returned: Success(CT)
  right returned: TypeError("MutabilityMismatch")
Difference on `&[&mut mut x]: &mut &mut [CT]`:
   left returned: Success(CT)
  right returned: TypeError("MutabilityMismatch")
