---
source: src/compare.rs
info: ergo2024_nonbreaking_transition_bm_based
---
Difference on `[&x]: &mut [&&mut T]`:
   left returned: Success(&mut &mut T)
  right returned: Success(&&mut T)
Difference on `&[x]: &&mut [&mut T]`:
   left returned: Success(&mut &mut T)
  right returned: Success(&&mut T)
