---
source: src/compare.rs
info: minimal_breaking_transition_to_stateless_with_rule3
---
Difference on `[&&mut [x]]: &mut [&&mut &[T]]`:
   left returned: Success(&T)
  right returned: TypeError("MutabilityMismatch")
Difference on `&[&mut [x]]: &&mut [&mut &[T]]`:
   left returned: Success(&T)
  right returned: TypeError("MutabilityMismatch")
