---
source: src/compare.rs
info: nadri
---
Difference on `[&ref x]: &mut [&CT]`:
   left returned: Success(&&CT)
  right returned: TypeError("mismatched types")
Difference on `[&ref x]: &mut [&mut CT]`:
   left returned: Success(&&mut CT)
  right returned: TypeError("mismatched types")
Difference on `[&x]: &mut [&CT]`:
   left returned: Success(&CT)
  right returned: TypeError("mismatched types")
Difference on `[&(mut x)]: &mut [&CT]`:
   left returned: Success(&CT)
  right returned: TypeError("mismatched types")
