---
source: tests/compare.rs
info:
  - ergo2024
  - ergo2024
---
Difference on `[&mut x]: &mut [&T]`:
  type-based returned: TypeError("MutabilityMismatch")
    bm-based returned: Success(&T)
Difference on `&[[&x]]: &[&mut [T]]`:
  type-based returned: TypeError("OverlyGeneralType")
    bm-based returned: Success(T)
Difference on `&mut x: &mut &mut T`:
  type-based returned: TypeError("CantCopyRefMut")
    bm-based returned: Success(&mut T)
Difference on `[&mut &x]: &[&mut T]`:
  type-based returned: TypeError("OverlyGeneralType")
    bm-based returned: Success(T)
