---
source: src/compare.rs
info: rfc3627_vs_stateless
---
Difference on `[&&mut x]: &mut [&T]`:
   left returned: Success(T)
  right returned: TypeError("MutabilityMismatch")
Difference on `[&(mut x)]: &[&T]`:
   left returned: TypeError("MutOnRef")
  right returned: Success(&T)
Difference on `[&ref x]: &[&T]`:
   left returned: TypeError("RefOnRef")
  right returned: Success(&&T)
Difference on `[&mut &x]: &[&mut T]`:
   left returned: Success(T)
  right returned: TypeError("MutabilityMismatch")
Difference on `[&mut x]: &[&mut T]`:
   left returned: Success(&T)
  right returned: TypeError("MutabilityMismatch")
Difference on `[&mut ref x]: &mut [&mut T]`:
   left returned: TypeError("RefOnRef")
  right returned: Success(&&mut T)
Difference on `[&mut ref mut x]: &mut [&mut T]`:
   left returned: TypeError("RefOnRef")
  right returned: Success(&mut &mut T)
