---
source: tests/trace_solver.rs
info:
  options:
    ref_on_ref: AllocTemporary
    mut_on_ref: ResetBindingMode
    allow_ref_pat_on_ref_mut: true
    simplify_expressions: true
    eat_two_layers: false
    eat_inherited_ref_alone: true
  request: "mut x: &T"
---
mut x @ p: &T

// Final bindings:
let mut x: &T = p
