---
source: tests/trace_solver.rs
info:
  options:
    match_constructor_through_ref: true
    eat_inherited_ref_alone: true
    inherited_ref_on_ref: EatOuter
    fallback_to_outer: false
    allow_ref_pat_on_ref_mut: false
    simplify_deref_mut: true
    downgrade_mut_inside_shared: false
    ref_binding_on_inherited: AllocTemporary
    mut_binding_on_inherited: Keep
  bundle_name: ~
  request: "&x: &mut T"
---
&x @ s: &mut T
// Type error for `&x @ s: &mut T`: MutabilityMismatch
