---
source: tests/trace_solver.rs
info:
  options:
    match_constructor_through_ref: true
    eat_inherited_ref_alone: true
    inherited_ref_on_ref: EatOuter
    fallback_to_outer: "No"
    allow_ref_pat_on_ref_mut: true
    simplify_deref_mut: true
    downgrade_mut_inside_shared: false
    eat_mut_inside_shared: true
    ref_binding_on_inherited: ResetBindingMode
    mut_binding_on_inherited: Keep
  bundle_name: ~
  request: "[ref x]: &mut [T]"
---
let [ref x]: &mut [T] = s
// Applying rule `ConstructorRef`
let ref x: &mut T = &mut (*s).0
// Applying rule `RefBindingResetBindingMode`
let ref x: T = (*s).0
// Applying rule `BindingBorrow`
let x: &T = &(*s).0
// Applying rule `Binding`
let x: &T = &(*s).0

// Final bindings (simplified):
let x: &T = &(*s).0;
