---
source: tests/trace_cli.rs
info: "&[[x]]: &[&mut [x]]"
---
real, rw ⊢ &[[x]]: &[&mut [x]]
// Applying rule `Deref`
_, ro ⊢ [[x]]: [&mut [x]]
// Applying rule `Constructor`
real, ro ⊢ [x]: &mut [x]
// Applying rule `ConstructorRef`
inh, ro ⊢ x: &mut x
// Applying rule `Binding`
let x: &mut x = &mut (*(*s).0).0

// Final bindings (simplified):
let x: &mut x = &mut (*(*s).0).0; // Borrow-check error: MutBorrowBehindSharedBorrow
