---
source: tests/trace_cli.rs
info: "set ergo2024\noptions"
---
downgrade_mut_inside_shared: false -> true
fallback_to_outer: false -> true
inherited_ref_on_ref: "EatOuter" -> "EatInner"
mut_binding_on_inherited: "Keep" -> "Error"
ref_binding_on_inherited: "Error" -> "ResetBindingMode"

The two rulesets are described by the following sets of rules, with differences highlighted.

 place, m ⊢ p0: T0,  place, m ⊢ p1: T1                                            | place, m ⊢ p0: T0,  place, m ⊢ p1: T1
 ----------------------------------------- "Constructor"                          | ----------------------------------------- "Constructor"
 place, m ⊢ [p0, p1]: [T0, T1]                                                    | place, m ⊢ [p0, p1]: [T0, T1]

 value, ro ⊢ p0: &T0,  value, ro ⊢ p1: &T1                                        | value, ro ⊢ p0: &T0,  value, ro ⊢ p1: &T1
 --------------------------------------------- "ConstructorRef"                   | --------------------------------------------- "ConstructorRef"
 b, m ⊢ [p0, p1]: &[T0, T1]                                                       | b, m ⊢ [p0, p1]: &[T0, T1]

 value, ro ⊢ p0: &mut T0,  value, ro ⊢ p1: &mut T1                                | value, ro ⊢ p0: &T0,  value, ro ⊢ p1: &T1
 ----------------------------------------------------- "ConstructorRef"           | --------------------------------------------- "ConstructorRef(ForceReadOnly)"
 b, ro ⊢ [p0, p1]: &mut [T0, T1]                                                  | b, ro ⊢ [p0, p1]: &mut [T0, T1]

 value, rw ⊢ p0: &mut T0,  value, rw ⊢ p1: &mut T1                                | value, rw ⊢ p0: &mut T0,  value, rw ⊢ p1: &mut T1
 ----------------------------------------------------- "ConstructorRef"           | ----------------------------------------------------- "ConstructorRef"
 b, rw ⊢ [p0, p1]: &mut [T0, T1]                                                  | b, rw ⊢ [p0, p1]: &mut [T0, T1]

 value, ro ⊢ [p0, p1]: &T                                                         | value, ro ⊢ [p0, p1]: &T
 -------------------------- "ConstructorMultiRef"                                 | -------------------------- "ConstructorMultiRef"
 b, m ⊢ [p0, p1]: &&T                                                             | b, m ⊢ [p0, p1]: &&T

 value, ro ⊢ [p0, p1]: &T                                                         | value, ro ⊢ [p0, p1]: &T
 -------------------------- "ConstructorMultiRef"                                 | -------------------------- "ConstructorMultiRef"
 b, m ⊢ [p0, p1]: &&mut T                                                         | b, m ⊢ [p0, p1]: &&mut T

 value, ro ⊢ [p0, p1]: &T                                                         | value, ro ⊢ [p0, p1]: &T
 -------------------------- "ConstructorMultiRef"                                 | -------------------------- "ConstructorMultiRef"
 b, m ⊢ [p0, p1]: &mut &T                                                         | b, m ⊢ [p0, p1]: &mut &T

 value, ro ⊢ [p0, p1]: &mut T                                                     | value, ro ⊢ [p0, p1]: &T
 ------------------------------- "ConstructorMultiRef"                            | ------------------------------- "ConstructorMultiRef(ForceReadOnly)"
 b, ro ⊢ [p0, p1]: &mut &mut T                                                    | b, ro ⊢ [p0, p1]: &mut &mut T

 value, rw ⊢ [p0, p1]: &mut T                                                     | value, rw ⊢ [p0, p1]: &mut T
 ------------------------------- "ConstructorMultiRef"                            | ------------------------------- "ConstructorMultiRef"
 b, rw ⊢ [p0, p1]: &mut &mut T                                                    | b, rw ⊢ [p0, p1]: &mut &mut T

 place, ro ⊢ p: T                                                                 | place, ro ⊢ p: T
 ------------------- "Deref"                                                      | ------------------- "Deref(EatOuter)"
 place, m ⊢ &p: &T                                                                | place, m ⊢ &p: &T

 place, ro ⊢ p: T                                                                 | place, ro ⊢ p: T
 ----------------------------------------- "Deref"                                | ----------------------------------------- "Deref(EatOuter)"
 value, m ⊢ &p: &T, T is not a reference                                          | value, m ⊢ &p: &T, T is not a reference

 place, ro ⊢ p: &T                                                                | value, ro ⊢ p: &T
 -------------------- "Deref"                                                     | -------------------- "Deref(EatInner)"
 value, m ⊢ &p: &&T                                                               | value, m ⊢ &p: &&T

 place, ro ⊢ p: &mut T                                                            | value, ro ⊢ p: &T
 ------------------------ "Deref"                                                 | ------------------------ "DerefMutWithShared(EatInner)"
 value, m ⊢ &p: &&mut T                                                           | value, m ⊢ &p: &&mut T

 place, m ⊢ p: T                                                                  | place, m ⊢ p: T
 --------------------------- "Deref"                                              | --------------------------- "Deref(EatOuter)"
 place, m ⊢ &mut p: &mut T                                                        | place, m ⊢ &mut p: &mut T

 place, m ⊢ p: T                                                                  | place, m ⊢ p: T
 ------------------------------------------------- "Deref"                        | ------------------------------------------------- "Deref(EatOuter)"
 value, m ⊢ &mut p: &mut T, T is not a reference                                  | value, m ⊢ &mut p: &mut T, T is not a reference

 place, m ⊢ p: &T                                                                 | b, m ⊢ p: &T
 ---------------------------- "Deref"                                             | ---------------------------- "Deref(EatInner)"
 value, m ⊢ &mut p: &mut &T                                                       | value, m ⊢ &mut p: &mut &T

 place, ro ⊢ p: &mut T                                                            | value, ro ⊢ p: &T
 --------------------------------- "Deref"                                        | --------------------------------- "Deref(EatInner, ForceReadOnly)"
 value, ro ⊢ &mut p: &mut &mut T                                                  | value, ro ⊢ &mut p: &mut &mut T

 place, rw ⊢ p: &mut T                                                            | value, rw ⊢ p: &mut T
 --------------------------------- "Deref"                                        | --------------------------------- "Deref(EatInner)"
 value, rw ⊢ &mut p: &mut &mut T                                                  | value, rw ⊢ &mut p: &mut &mut T

                                                                                  | value, m ⊢ p: &T
                                                                                  | ---------------------------- "Deref(EatInner)"
                                                                                  | value, m ⊢ &mut p: &&mut T

 place, ro ⊢ p: T                                                                 | place, ro ⊢ p: T
 ----------------------- "DerefMutWithShared"                                     | ----------------------- "DerefMutWithShared(EatOuter)"
 place, m ⊢ &p: &mut T                                                            | place, m ⊢ &p: &mut T

 place, ro ⊢ p: T                                                                 | place, ro ⊢ p: T
 --------------------------------------------- "DerefMutWithShared"               | --------------------------------------------- "DerefMutWithShared(EatOuter)"
 value, m ⊢ &p: &mut T, T is not a reference                                      | value, m ⊢ &p: &mut T, T is not a reference

 place, ro ⊢ p: &T                                                                | value, ro ⊢ p: &T
 ------------------------ "DerefMutWithShared"                                    | ------------------------ "Deref(EatInner, ForceReadOnly)"
 value, m ⊢ &p: &mut &T                                                           | value, m ⊢ &p: &mut &T

 place, ro ⊢ p: &mut T                                                            | value, ro ⊢ p: &T
 ---------------------------- "DerefMutWithShared"                                | ---------------------------- "DerefMutWithShared(EatInner)"
 value, m ⊢ &p: &mut &mut T                                                       | value, m ⊢ &p: &mut &mut T

                                                                                  | b, m ⊢ ref x: T
                                                                                  | ---------------------- "RefBindingResetBindingMode"
                                                                                  | value, m ⊢ ref x: &T

                                                                                  | b, m ⊢ ref x: T
                                                                                  | -------------------------- "RefBindingResetBindingMode"
                                                                                  | value, m ⊢ ref x: &mut T

                                                                                  | b, m ⊢ ref mut x: T
                                                                                  | -------------------------- "RefBindingResetBindingMode"
                                                                                  | value, m ⊢ ref mut x: &T

                                                                                  | b, m ⊢ ref mut x: T
                                                                                  | ------------------------------ "RefBindingResetBindingMode"
                                                                                  | value, m ⊢ ref mut x: &mut T

 value, m ⊢ x: &T                                                                 | value, m ⊢ x: &T
 --------------------- "BindingBorrow"                                            | --------------------- "BindingBorrow"
 place, m ⊢ ref x: T                                                              | place, m ⊢ ref x: T

 value, m ⊢ x: &mut T                                                             | value, m ⊢ x: &mut T
 ------------------------- "BindingBorrow"                                        | ------------------------- "BindingBorrow"
 place, m ⊢ ref mut x: T                                                          | place, m ⊢ ref mut x: T

                                                                                  | 
 ------------- "Binding"                                                          | ------------- "Binding"
 b, m ⊢ x: T                                                                      | b, m ⊢ x: T

                                                                                  | 
 --------------------- "Binding"                                                  | --------------------- "Binding"
 place, m ⊢ mut x: T                                                              | place, m ⊢ mut x: T

                                                                                  |  
 ---------------------- "Binding"                                                 |  
 value, m ⊢ mut x: &T                                                             |  

                                                                                  |  
 -------------------------- "Binding"                                             |  
 value, m ⊢ mut x: &mut T                                                         |  

match_constructor_through_ref: true
eat_inherited_ref_alone: true
inherited_ref_on_ref: EatInner
fallback_to_outer: true
allow_ref_pat_on_ref_mut: true
simplify_deref_mut: true
downgrade_mut_inside_shared: true
ref_binding_on_inherited: ResetBindingMode
mut_binding_on_inherited: Error
predicate_style: Sequent
