---
source: tests/trace_cli.rs
info: "set ergo2024\nrules"
---
downgrade_shared_inside_shared: false -> true
inherited_ref_on_ref: "EatOuter" -> "EatInner"
mut_binding_on_inherited: "Keep" -> "Error"
ref_binding_on_inherited: "Error" -> "Skip"
Warning: option `downgrade_shared_inside_shared` is not represented in the rules
p0 @ p.0: T0, p1 @ p.1: T1
-------------------------- "Constructor"
[p0, p1] @ p: [T0, T1]

p0 @ &(*p).0: &T0, p1 @ &(*p).1: &T1
------------------------------------ "ConstructorRef"
[p0, p1] @ p: &[T0, T1]

p0 @ &mut (*p).0: &mut T0, p1 @ &mut (*p).1: &mut T1
---------------------------------------------------- "ConstructorRef"
[p0, p1] @ p: &mut [T0, T1]

[p0, p1] @ *p: &T
----------------- "ConstructorMultiRef"
[p0, p1] @ p: &&T

[p0, p1] @ &**p: &T
--------------------- "ConstructorMultiRef"
[p0, p1] @ p: &&mut T

[p0, p1] @ *p: &T
--------------------- "ConstructorMultiRef"
[p0, p1] @ p: &mut &T

[p0, p1] @ &mut **p: &mut T
--------------------------- "ConstructorMultiRef"
[p0, p1] @ p: &mut &mut T

p @ *p: T
---------------------------------- "Deref(EatOuter)"
&p @ p: &T, binding_mode(p) = move

p @ *p: T
------------------------------------------ "Deref(EatOuter)"
&mut p @ p: &mut T, binding_mode(p) = move

p @ &*p: &T
------------ "Deref(EatInner)"
&p @ &p: &&T

p @ &*p: &T
-------------------- "Deref(EatInner)"
&p @ &mut p: &mut &T

p @ &*p: &T
-------------------- "Deref(EatInner)"
&mut p @ &p: &&mut T

p @ &mut *p: &mut T
---------------------------- "Deref(EatInner)"
&mut p @ &mut p: &mut &mut T

&p @ (p as &_): &T
-------------------------------------- "DerefMutWithShared(EatOuter)"
&p @ p: &mut T, binding_mode(p) = move

&p @ &(p as &_): &&T
-------------------- "DerefMutWithShared(EatInner)"
&p @ &p: &&mut T

&p @ &(p as &_): &&T
------------------------ "DerefMutWithShared(EatInner)"
&p @ &mut p: &mut &mut T

x @ &p: &T
-------------- "BindingOverrideBorrow"
ref x @ &p: &T

x @ &p: &T
---------------------- "BindingOverrideBorrow"
ref x @ &mut p: &mut T

x @ &mut p: &mut T
------------------ "BindingOverrideBorrow"
ref mut x @ &p: &T

x @ &mut p: &mut T
-------------------------- "BindingOverrideBorrow"
ref mut x @ &mut p: &mut T

x @ &p: &T
------------------------------------ "BindingBorrow"
ref x @ p: T, binding_mode(p) = move

x @ &mut p: &mut T
---------------------------------------- "BindingBorrow"
ref mut x @ p: T, binding_mode(p) = move

let x: T = p
------------ "Binding"
x @ p: T

let mut x: T = p
------------------------------------ "Binding"
mut x @ p: T, binding_mode(p) = move

p @ &p: &T
---------------------- "ExprSimplification"
p @ (&mut p as &_): &T

p @ p: T
-------------- "ExprSimplification"
p @ *&mut p: T
