---
source: tests/trace_solver.rs
info:
  options:
    match_constructor_through_ref: true
    ref_binding_on_inherited: AllocTemporary
    mut_binding_on_inherited: Keep
    inherited_ref_on_ref: EatOuter
    allow_ref_pat_on_ref_mut: true
    simplify_deref_mut: true
    eat_inherited_ref_alone: true
    downgrade_mut_inside_shared: false
    rules_display_style: Plain
  bundle_name: ~
  request: "[x]: &mut &mut [T]"
---
[x] @ p: &mut &mut [T]
// Applying rule `ConstructorMultiRef`
[x] @ &mut **p: &mut [T]
// Applying rule `ConstructorRef`
x @ &mut (*&mut **p).0: &mut T
// Applying rule `Binding`
let x: &mut T = &mut (*&mut **p).0

// Final bindings (simplified):
let x: &mut T = &mut (**p).0;
