---
source: tests/trace_cli.rs
info: "set ergo2024\noptions"
---
downgrade_mut_inside_shared: false -> true
fallback_to_outer: false -> true
inherited_ref_on_ref: "EatOuter" -> "EatInner"
mut_binding_on_inherited: "Keep" -> "Error"

Warning: option `downgrade_mut_inside_shared` is not represented in the rules

-p @ *q: T
----------- "Deref(EatOuter)"
-&p @ q: &T

-p @ *q: T
------------------- "Deref(EatOuter)"
-&mut p @ q: &mut T

+p @ *q: T
+-------------------------------- "Deref(EatOuter)"
+&p @ q: &T, q is not a reference

+p @ *&q: T
+----------- "Deref(EatOuter)"
+&p @ &q: &T

+p @ *q: T
+---------------------------------------- "Deref(EatOuter)"
+&mut p @ q: &mut T, q is not a reference

+p @ q: T
+----------------------- "Deref(EatOuter)"
+&mut p @ &mut q: &mut T

+p @ &*q: &T
+------------ "Deref(EatInner)"
+&p @ &q: &&T

+p @ &*q: &T
+-------------------- "Deref(EatInner)"
+&p @ &mut q: &mut &T

+p @ &*q: &T
+-------------------- "Deref(EatInner)"
+&mut p @ &q: &&mut T

+p @ q: &T
+------------------------ "Deref(EatInner)"
+&mut p @ &mut q: &mut &T

+p @ &mut *q: &mut T
+---------------------------- "Deref(EatInner)"
+&mut p @ &mut q: &mut &mut T

-p @ *&*q: T
--------------- "DerefMutWithShared(EatOuter)"
-&p @ q: &mut T

+p @ *&*q: T
+------------------------------------ "DerefMutWithShared(EatOuter)"
+&p @ q: &mut T, q is not a reference

+p @ *&q: T
+------------------- "DerefMutWithShared(EatOuter)"
+&p @ &mut q: &mut T

+p @ &*&*q: &T
+---------------- "DerefMutWithShared(EatInner)"
+&p @ &q: &&mut T

+p @ &*&*q: &T
+------------------------ "DerefMutWithShared(EatInner)"
+&p @ &mut q: &mut &mut T

-let mut x: T = q
----------------- "Binding"
-mut x @ q: T

+let mut x: T = q
+---------------------------------- "Binding"
+mut x @ q: T, q is not a reference

match_constructor_through_ref: true
eat_inherited_ref_alone: true
inherited_ref_on_ref: EatInner
fallback_to_outer: true
allow_ref_pat_on_ref_mut: true
simplify_deref_mut: true
downgrade_mut_inside_shared: true
ref_binding_on_inherited: ResetBindingMode
mut_binding_on_inherited: Error
rules_display_style: Plain
