---
source: tests/trace_cli.rs
info: set inherited_ref_on_ref EatInner
---
The two rulesets are described by the following sets of rules, with differences highlighted.

 real, m ⊢ p0: T0,  real, m ⊢ p1: T1                                              | real, m ⊢ p0: T0,  real, m ⊢ p1: T1
 --------------------------------------- "Constructor"                            | --------------------------------------- "Constructor"
 _, m ⊢ [p0, p1]: [T0, T1]                                                        | _, m ⊢ [p0, p1]: [T0, T1]

 inh, ro ⊢ p0: &T0,  inh, ro ⊢ p1: &T1                                            | inh, ro ⊢ p0: &T0,  inh, ro ⊢ p1: &T1
 ----------------------------------------- "ConstructorRef"                       | ----------------------------------------- "ConstructorRef"
 r, m ⊢ [p0, p1]: &[T0, T1]                                                       | r, m ⊢ [p0, p1]: &[T0, T1]

 inh, m ⊢ p0: &mut T0,  inh, m ⊢ p1: &mut T1                                      | inh, m ⊢ p0: &mut T0,  inh, m ⊢ p1: &mut T1
 ----------------------------------------------- "ConstructorRef"                 | ----------------------------------------------- "ConstructorRef"
 r, m ⊢ [p0, p1]: &mut [T0, T1]                                                   | r, m ⊢ [p0, p1]: &mut [T0, T1]

 inh, ro ⊢ [p0, p1]: &T                                                           | inh, ro ⊢ [p0, p1]: &T
 ------------------------ "ConstructorMultiRef"                                   | ------------------------ "ConstructorMultiRef"
 r, m ⊢ [p0, p1]: &&T                                                             | r, m ⊢ [p0, p1]: &&T

 inh, ro ⊢ [p0, p1]: &T                                                           | inh, ro ⊢ [p0, p1]: &T
 -------------------------- "ConstructorMultiRef"                                 | -------------------------- "ConstructorMultiRef"
 r, m ⊢ [p0, p1]: &&mut T                                                         | r, m ⊢ [p0, p1]: &&mut T

 inh, ro ⊢ [p0, p1]: &T                                                           | inh, ro ⊢ [p0, p1]: &T
 -------------------------- "ConstructorMultiRef"                                 | -------------------------- "ConstructorMultiRef"
 r, m ⊢ [p0, p1]: &mut &T                                                         | r, m ⊢ [p0, p1]: &mut &T

 inh, m ⊢ [p0, p1]: &mut T                                                        | inh, m ⊢ [p0, p1]: &mut T
 ------------------------------ "ConstructorMultiRef"                             | ------------------------------ "ConstructorMultiRef"
 r, m ⊢ [p0, p1]: &mut &mut T                                                     | r, m ⊢ [p0, p1]: &mut &mut T

 real, ro ⊢ p: T                                                                  | real, ro ⊢ p: T
 ------------------ "Deref"                                                       | ------------------ "Deref(EatOuter)"
 real, m ⊢ &p: &T                                                                 | real, m ⊢ &p: &T

 _, ro ⊢ p: T                                                                     | _, ro ⊢ p: T
 --------------------------------------- "Deref"                                  | --------------------------------------- "Deref(EatOuter)"
 inh, m ⊢ &p: &T, T is not a reference                                            | inh, m ⊢ &p: &T, T is not a reference

 real, ro ⊢ p: &T                                                                 | inh, ro ⊢ p: &T
 ------------------ "Deref"                                                       | ------------------ "Deref(EatInner)"
 inh, m ⊢ &p: &&T                                                                 | inh, m ⊢ &p: &&T

 real, ro ⊢ p: &mut T                                                             | inh, ro ⊢ p: &T
 ---------------------- "Deref"                                                   | ---------------------- "DerefMutWithShared(EatInner)"
 inh, m ⊢ &p: &&mut T                                                             | inh, m ⊢ &p: &&mut T

 real, m ⊢ p: T                                                                   | real, m ⊢ p: T
 -------------------------- "Deref"                                               | -------------------------- "Deref(EatOuter)"
 real, m ⊢ &mut p: &mut T                                                         | real, m ⊢ &mut p: &mut T

 _, m ⊢ p: T                                                                      | _, m ⊢ p: T
 ----------------------------------------------- "Deref"                          | ----------------------------------------------- "Deref(EatOuter)"
 inh, m ⊢ &mut p: &mut T, T is not a reference                                    | inh, m ⊢ &mut p: &mut T, T is not a reference

 real, m ⊢ p: &T                                                                  |  
 -------------------------- "Deref"                                               |  
 inh, m ⊢ &mut p: &mut &T                                                         |  

 real, m ⊢ p: &mut T                                                              | inh, m ⊢ p: &mut T
 ------------------------------ "Deref"                                           | ------------------------------ "Deref(EatInner)"
 inh, m ⊢ &mut p: &mut &mut T                                                     | inh, m ⊢ &mut p: &mut &mut T

                                                                                  | inh, m ⊢ p: &T
                                                                                  | -------------------------- "Deref(EatInner)"
                                                                                  | inh, m ⊢ &mut p: &&mut T

 real, ro ⊢ p: T                                                                  | real, ro ⊢ p: T
 ---------------------- "DerefMutWithShared"                                      | ---------------------- "DerefMutWithShared(EatOuter)"
 real, m ⊢ &p: &mut T                                                             | real, m ⊢ &p: &mut T

 _, ro ⊢ p: T                                                                     | _, ro ⊢ p: T
 ------------------------------------------- "DerefMutWithShared"                 | ------------------------------------------- "DerefMutWithShared(EatOuter)"
 inh, m ⊢ &p: &mut T, T is not a reference                                        | inh, m ⊢ &p: &mut T, T is not a reference

 real, ro ⊢ p: &T                                                                 | inh, ro ⊢ p: &mut T
 ---------------------- "DerefMutWithShared"                                      | ---------------------- "Deref(EatInner)"
 inh, m ⊢ &p: &mut &T                                                             | inh, m ⊢ &p: &mut &T

 real, ro ⊢ p: &mut T                                                             | inh, ro ⊢ p: &mut T
 -------------------------- "DerefMutWithShared"                                  | -------------------------- "DerefMutWithShared(EatInner)"
 inh, m ⊢ &p: &mut &mut T                                                         | inh, m ⊢ &p: &mut &mut T

 inh, m ⊢ x: &T                                                                   | inh, m ⊢ x: &T
 -------------------- "BindingBorrow"                                             | -------------------- "BindingBorrow"
 real, m ⊢ ref x: T                                                               | real, m ⊢ ref x: T

 inh, m ⊢ x: &mut T                                                               | inh, m ⊢ x: &mut T
 ------------------------ "BindingBorrow"                                         | ------------------------ "BindingBorrow"
 real, m ⊢ ref mut x: T                                                           | real, m ⊢ ref mut x: T

                                                                                  | 
 ------------- "Binding"                                                          | ------------- "Binding"
 r, m ⊢ x: T                                                                      | r, m ⊢ x: T

                                                                                  | 
 ----------------- "Binding"                                                      | ----------------- "Binding"
 r, m ⊢ mut x: T                                                                  | r, m ⊢ mut x: T


inherited_ref_on_ref: "EatOuter" -> "EatInner"
