---
source: tests/trace_solver.rs
info:
  options:
    match_constructor_through_ref: true
    eat_inherited_ref_alone: true
    inherited_ref_on_ref: EatInner
    fallback_to_outer: true
    allow_ref_pat_on_ref_mut: true
    simplify_deref_mut: true
    downgrade_mut_inside_shared: true
    ref_binding_on_inherited: ResetBindingMode
    mut_binding_on_inherited: Error
    rules_display_style: Plain
  bundle_name: ergo2024
  request: "[&mut x]: &mut [&T]"
---
[&mut x] @ s: &mut [&T]
// Applying rule `ConstructorRef`
&mut x @ &mut (*s).0: &mut &T
// Applying rule `Deref(EatInner)`
x @ (*s).0: &T
// Applying rule `Binding`
let x: &T = (*s).0

// Final bindings (simplified):
let x: &T = (*s).0;
