---
source: tests/trace_cli.rs
info: "set stable_rust\n[&x]: &[AT]"
---
allow_ref_pat_on_ref_mut: true -> false
eat_inherited_ref_alone: true -> false
inherited_ref_on_ref: "EatOuter" -> "EatBoth"
mut_binding_on_inherited: "Keep" -> "ResetBindingMode"
ref_binding_on_inherited: "Error" -> "ResetBindingMode"

The two rulesets are described by the following sets of rules, with differences highlighted.

 place, m ⊢ p0: T0,  place, m ⊢ p1: T1                                            | place, m ⊢ p0: T0,  place, m ⊢ p1: T1
 ----------------------------------------- "Constructor"                          | ----------------------------------------- "Constructor"
 place, m ⊢ [p0, p1]: [T0, T1]                                                    | place, m ⊢ [p0, p1]: [T0, T1]

 value, ro ⊢ p0: &T0,  value, ro ⊢ p1: &T1                                        | value, ro ⊢ p0: &T0,  value, ro ⊢ p1: &T1
 --------------------------------------------- "ConstructorRef"                   | --------------------------------------------- "ConstructorRef"
 b, m ⊢ [p0, p1]: &[T0, T1]                                                       | b, m ⊢ [p0, p1]: &[T0, T1]

 value, m ⊢ p0: &mut T0,  value, m ⊢ p1: &mut T1                                  | value, m ⊢ p0: &mut T0,  value, m ⊢ p1: &mut T1
 --------------------------------------------------- "ConstructorRef"             | --------------------------------------------------- "ConstructorRef"
 b, m ⊢ [p0, p1]: &mut [T0, T1]                                                   | b, m ⊢ [p0, p1]: &mut [T0, T1]

 value, ro ⊢ [p0, p1]: &T                                                         | value, ro ⊢ [p0, p1]: &T
 -------------------------- "ConstructorMultiRef"                                 | -------------------------- "ConstructorMultiRef"
 b, m ⊢ [p0, p1]: &&T                                                             | b, m ⊢ [p0, p1]: &&T

 value, ro ⊢ [p0, p1]: &T                                                         | value, ro ⊢ [p0, p1]: &T
 -------------------------- "ConstructorMultiRef"                                 | -------------------------- "ConstructorMultiRef"
 b, m ⊢ [p0, p1]: &&mut T                                                         | b, m ⊢ [p0, p1]: &&mut T

 value, ro ⊢ [p0, p1]: &T                                                         | value, ro ⊢ [p0, p1]: &T
 -------------------------- "ConstructorMultiRef"                                 | -------------------------- "ConstructorMultiRef"
 b, m ⊢ [p0, p1]: &mut &T                                                         | b, m ⊢ [p0, p1]: &mut &T

 value, m ⊢ [p0, p1]: &mut T                                                      | value, m ⊢ [p0, p1]: &mut T
 ------------------------------ "ConstructorMultiRef"                             | ------------------------------ "ConstructorMultiRef"
 b, m ⊢ [p0, p1]: &mut &mut T                                                     | b, m ⊢ [p0, p1]: &mut &mut T

 place, ro ⊢ p: T                                                                 | place, ro ⊢ p: T
 ------------------- "Deref"                                                      | ------------------- "Deref(EatOuter)"
 place, m ⊢ &p: &T                                                                | place, m ⊢ &p: &T

 place, ro ⊢ p: T                                                                 |  
 ----------------------------------------- "Deref"                                |  
 value, m ⊢ &p: &T, T is not a reference                                          |  

 place, ro ⊢ p: &T                                                                | place, ro ⊢ p: T
 -------------------- "Deref"                                                     | -------------------- "Deref(EatBoth)"
 value, m ⊢ &p: &&T                                                               | value, m ⊢ &p: &&T

 place, ro ⊢ p: &mut T                                                            |  
 ------------------------ "Deref"                                                 |  
 value, m ⊢ &p: &&mut T                                                           |  

 place, m ⊢ p: T                                                                  | place, m ⊢ p: T
 --------------------------- "Deref"                                              | --------------------------- "Deref(EatOuter)"
 place, m ⊢ &mut p: &mut T                                                        | place, m ⊢ &mut p: &mut T

 place, m ⊢ p: T                                                                  |  
 ------------------------------------------------- "Deref"                        |  
 value, m ⊢ &mut p: &mut T, T is not a reference                                  |  

 place, m ⊢ p: &T                                                                 |  
 ---------------------------- "Deref"                                             |  
 value, m ⊢ &mut p: &mut &T                                                       |  

 place, m ⊢ p: &mut T                                                             | place, m ⊢ p: T
 -------------------------------- "Deref"                                         | -------------------------------- "Deref(EatBoth)"
 value, m ⊢ &mut p: &mut &mut T                                                   | value, m ⊢ &mut p: &mut &mut T

                                                                                  | place, m ⊢ p: T
                                                                                  | ---------------------------- "Deref(EatBoth)"
                                                                                  | value, m ⊢ &mut p: &&mut T

 place, ro ⊢ p: T                                                                 |  
 ----------------------- "DerefMutWithShared"                                     |  
 place, m ⊢ &p: &mut T                                                            |  

 place, ro ⊢ p: T                                                                 |  
 --------------------------------------------- "DerefMutWithShared"               |  
 value, m ⊢ &p: &mut T, T is not a reference                                      |  

 place, ro ⊢ p: &T                                                                | place, ro ⊢ p: T
 ------------------------ "DerefMutWithShared"                                    | ------------------------ "Deref(EatBoth)"
 value, m ⊢ &p: &mut &T                                                           | value, m ⊢ &p: &mut &T

 place, ro ⊢ p: &mut T                                                            |  
 ---------------------------- "DerefMutWithShared"                                |  
 value, m ⊢ &p: &mut &mut T                                                       |  

                                                                                  | b, m ⊢ ref x: T
                                                                                  | ---------------------- "RefBindingResetBindingMode"
                                                                                  | value, m ⊢ ref x: &T

                                                                                  | b, m ⊢ ref x: T
                                                                                  | -------------------------- "RefBindingResetBindingMode"
                                                                                  | value, m ⊢ ref x: &mut T

                                                                                  | b, m ⊢ ref mut x: T
                                                                                  | -------------------------- "RefBindingResetBindingMode"
                                                                                  | value, m ⊢ ref mut x: &T

                                                                                  | b, m ⊢ ref mut x: T
                                                                                  | ------------------------------ "RefBindingResetBindingMode"
                                                                                  | value, m ⊢ ref mut x: &mut T

 value, m ⊢ x: &T                                                                 | value, m ⊢ x: &T
 --------------------- "BindingBorrow"                                            | --------------------- "BindingBorrow"
 place, m ⊢ ref x: T                                                              | place, m ⊢ ref x: T

 value, m ⊢ x: &mut T                                                             | value, m ⊢ x: &mut T
 ------------------------- "BindingBorrow"                                        | ------------------------- "BindingBorrow"
 place, m ⊢ ref mut x: T                                                          | place, m ⊢ ref mut x: T

                                                                                  | 
 ------------- "Binding"                                                          | ------------- "Binding"
 b, m ⊢ x: T                                                                      | b, m ⊢ x: T

                                                                                  | 
 --------------------- "Binding"                                                  | --------------------- "Binding"
 place, m ⊢ mut x: T                                                              | place, m ⊢ mut x: T

                                                                                  | b, m ⊢ mut x: T
 ---------------------- "Binding"                                                 | ---------------------- "MutBindingResetBindingMode"
 value, m ⊢ mut x: &T                                                             | value, m ⊢ mut x: &T

                                                                                  | b, m ⊢ mut x: T
 -------------------------- "Binding"                                             | -------------------------- "MutBindingResetBindingMode"
 value, m ⊢ mut x: &mut T                                                         | value, m ⊢ mut x: &mut T

place, rw ⊢ [&x]: &[AT]
// Applying rule `ConstructorRef`
value, ro ⊢ &x: &AT
// Type error for `value, ro ⊢ &x: &AT`: OverlyGeneral(Type)
