---
source: tests/trace_cli.rs
info: "set structural\nrules"
---
The two rulesets are described by the following sets of rules, with differences highlighted.
The old ruleset is on the left, and the new one on the right.

 inh, ro ⊢ p0: &T0,  inh, ro ⊢ p1: &T1                                            |
 ------------------------------------- "ConstructorRef"                           |
 r, m ⊢ [p0, p1]: &[T0, T1]                                                       |

 inh, m ⊢ p0: &mut T0,  inh, m ⊢ p1: &mut T1                                      |
 ------------------------------------------- "ConstructorRef"                     |
 r, m ⊢ [p0, p1]: &mut [T0, T1]                                                   |

 inh, ro ⊢ [p0, p1]: &T                                                           |
 ---------------------- "ConstructorMultiRef"                                     |
 r, m ⊢ [p0, p1]: &&T                                                             |

 inh, ro ⊢ [p0, p1]: &T                                                           |
 ------------------------ "ConstructorMultiRef"                                   |
 r, m ⊢ [p0, p1]: &&mut T                                                         |

 inh, ro ⊢ [p0, p1]: &T                                                           |
 ------------------------ "ConstructorMultiRef"                                   |
 r, m ⊢ [p0, p1]: &mut &T                                                         |

 inh, m ⊢ [p0, p1]: &mut T                                                        |
 ---------------------------- "ConstructorMultiRef"                               |
 r, m ⊢ [p0, p1]: &mut &mut T                                                     |

 _, ro ⊢ p: T                                                                     |
 ------------------------------------- "Deref"                                    |
 inh, m ⊢ &p: &T, T is not a reference                                            |

 real, ro ⊢ p: &T                                                                 |
 ---------------- "Deref"                                                         |
 inh, m ⊢ &p: &&T                                                                 |

 real, ro ⊢ p: &mut T                                                             |
 -------------------- "Deref"                                                     |
 inh, m ⊢ &p: &&mut T                                                             |

 _, m ⊢ p: T                                                                      |
 --------------------------------------------- "Deref"                            |
 inh, m ⊢ &mut p: &mut T, T is not a reference                                    |

 real, m ⊢ p: &T                                                                  |
 ------------------------ "Deref"                                                 |
 inh, m ⊢ &mut p: &mut &T                                                         |

 real, m ⊢ p: &mut T                                                              |
 ---------------------------- "Deref"                                             |
 inh, m ⊢ &mut p: &mut &mut T                                                     |

 real, ro ⊢ p: T                                                                  |
 -------------------- "DerefMutWithShared"                                        |
 real, m ⊢ &p: &mut T                                                             |

 _, ro ⊢ p: T                                                                     |
 ----------------------------------------- "DerefMutWithShared"                   |
 inh, m ⊢ &p: &mut T, T is not a reference                                        |

 real, ro ⊢ p: &T                                                                 |
 -------------------- "DerefMutWithShared"                                        |
 inh, m ⊢ &p: &mut &T                                                             |

 real, ro ⊢ p: &mut T                                                             |
 ------------------------ "DerefMutWithShared"                                    |
 inh, m ⊢ &p: &mut &mut T                                                         |

                                                                                  |
 ------------------ "Binding"                                                     |
 inh, m ⊢ mut x: &T                                                               |

                                                                                  |
 ---------------------- "Binding"                                                 |
 inh, m ⊢ mut x: &mut T                                                           |


allow_ref_pat_on_ref_mut: true -> false
downgrade_mut_inside_shared: false
eat_inherited_ref_alone: true -> false
eat_mut_inside_shared: true -> false
fallback_to_outer: "No"
inherited_ref_on_ref: "EatOuter" -> "Error"
match_constructor_through_ref: true -> false
mut_binding_on_inherited: "Keep" -> "Error"
ref_binding_on_inherited: "Error"
simplify_deref_mut: true
The current options can be fully described as the following set of rules.
The typing predicate looks like `r, m ⊢ p: T`, where
- `r` is `inh` or `real` and indicates whether the outermost reference type (if any) is inherited or not;
- `m` is `rw` or `ro` and indicates whether we have mutable or read-only access to the original scrutinee;
- `p` is a pattern;
- `T` is a type.

real, m ⊢ p0: T0,  real, m ⊢ p1: T1
----------------------------------- "Constructor"
_, m ⊢ [p0, p1]: [T0, T1]

real, ro ⊢ p: T
---------------- "Deref"
real, m ⊢ &p: &T

real, m ⊢ p: T
------------------------ "Deref"
real, m ⊢ &mut p: &mut T

inh, m ⊢ x: &T
------------------ "BindingBorrow"
real, m ⊢ ref x: T

inh, m ⊢ x: &mut T
---------------------- "BindingBorrow"
real, m ⊢ ref mut x: T


----------- "Binding"
r, m ⊢ x: T


------------------ "Binding"
real, m ⊢ mut x: T
