---
source: tests/trace_cli.rs
info: "set allow_ref_pat_on_ref_mut false\n&x: &mut T"
---
allow_ref_pat_on_ref_mut: true -> false

The two rulesets are described by the following sets of rules, with differences highlighted.

 place, m ⊢ p0: T0,  place, m ⊢ p1: T1                                            | place, m ⊢ p0: T0,  place, m ⊢ p1: T1
 ----------------------------------------- "Constructor"                          | ----------------------------------------- "Constructor"
 place, m ⊢ [p0, p1]: [T0, T1]                                                    | place, m ⊢ [p0, p1]: [T0, T1]

 value, ro ⊢ p0: &T0,  value, ro ⊢ p1: &T1                                        | value, ro ⊢ p0: &T0,  value, ro ⊢ p1: &T1
 --------------------------------------------- "ConstructorRef"                   | --------------------------------------------- "ConstructorRef"
 b, m ⊢ [p0, p1]: &[T0, T1]                                                       | b, m ⊢ [p0, p1]: &[T0, T1]

 value, m ⊢ p0: &mut T0,  value, m ⊢ p1: &mut T1                                  | value, m ⊢ p0: &mut T0,  value, m ⊢ p1: &mut T1
 --------------------------------------------------- "ConstructorRef"             | --------------------------------------------------- "ConstructorRef"
 b, m ⊢ [p0, p1]: &mut [T0, T1]                                                   | b, m ⊢ [p0, p1]: &mut [T0, T1]

 value, ro ⊢ [p0, p1]: &T                                                         | value, ro ⊢ [p0, p1]: &T
 -------------------------- "ConstructorMultiRef"                                 | -------------------------- "ConstructorMultiRef"
 b, m ⊢ [p0, p1]: &&T                                                             | b, m ⊢ [p0, p1]: &&T

 value, ro ⊢ [p0, p1]: &T                                                         | value, ro ⊢ [p0, p1]: &T
 -------------------------- "ConstructorMultiRef"                                 | -------------------------- "ConstructorMultiRef"
 b, m ⊢ [p0, p1]: &&mut T                                                         | b, m ⊢ [p0, p1]: &&mut T

 value, ro ⊢ [p0, p1]: &T                                                         | value, ro ⊢ [p0, p1]: &T
 -------------------------- "ConstructorMultiRef"                                 | -------------------------- "ConstructorMultiRef"
 b, m ⊢ [p0, p1]: &mut &T                                                         | b, m ⊢ [p0, p1]: &mut &T

 value, m ⊢ [p0, p1]: &mut T                                                      | value, m ⊢ [p0, p1]: &mut T
 ------------------------------ "ConstructorMultiRef"                             | ------------------------------ "ConstructorMultiRef"
 b, m ⊢ [p0, p1]: &mut &mut T                                                     | b, m ⊢ [p0, p1]: &mut &mut T

 place, ro ⊢ p: T                                                                 | place, ro ⊢ p: T
 ------------------ "Deref"                                                       | ------------------ "Deref"
 b, m ⊢ &p: &T                                                                    | b, m ⊢ &p: &T

 place, m ⊢ p: T                                                                  | place, m ⊢ p: T
 ----------------------- "Deref"                                                  | ----------------------- "Deref"
 b, m ⊢ &mut p: &mut T                                                            | b, m ⊢ &mut p: &mut T

 place, ro ⊢ p: T                                                                 |  
 ------------------- "DerefMutWithShared"                                         |  
 b, m ⊢ &p: &mut T                                                                |  

 value, m ⊢ x: &T                                                                 | value, m ⊢ x: &T
 --------------------- "BindingBorrow"                                            | --------------------- "BindingBorrow"
 place, m ⊢ ref x: T                                                              | place, m ⊢ ref x: T

 value, m ⊢ x: &mut T                                                             | value, m ⊢ x: &mut T
 ------------------------- "BindingBorrow"                                        | ------------------------- "BindingBorrow"
 place, m ⊢ ref mut x: T                                                          | place, m ⊢ ref mut x: T

                                                                                  | 
 ------------- "Binding"                                                          | ------------- "Binding"
 b, m ⊢ x: T                                                                      | b, m ⊢ x: T

                                                                                  | 
 ----------------- "Binding"                                                      | ----------------- "Binding"
 b, m ⊢ mut x: T                                                                  | b, m ⊢ mut x: T

place, rw ⊢ &x: &mut T
// Type error for `place, rw ⊢ &x: &mut T`: MutabilityMismatch
