---
source: tests/trace_cli.rs
info: "set stable_rust\n[&x]: &[AT]"
---
The two rulesets are described by the following sets of rules, with differences highlighted.
The old ruleset is on the left, and the new one on the right.

 _, ro ⊢ p: T                                                                     |
 ------------------------------------- "Deref"                                    |
 inh, m ⊢ &p: &T, T is not a reference                                            |

 real, ro ⊢ p: &T                                                                 | real, ro ⊢ p: T
 ---------------- "Deref"                                                         | ---------------- "Deref(EatBoth)"
 inh, m ⊢ &p: &&T                                                                 | inh, m ⊢ &p: &&T

 real, ro ⊢ p: &mut T                                                             |
 -------------------- "Deref"                                                     |
 inh, m ⊢ &p: &&mut T                                                             |

 _, m ⊢ p: T                                                                      |
 --------------------------------------------- "Deref"                            |
 inh, m ⊢ &mut p: &mut T, T is not a reference                                    |

 real, m ⊢ p: &T                                                                  |
 ------------------------ "Deref"                                                 |
 inh, m ⊢ &mut p: &mut &T                                                         |

 real, m ⊢ p: &mut T                                                              | real, m ⊢ p: T
 ---------------------------- "Deref"                                             | ---------------------------- "Deref(EatBoth)"
 inh, m ⊢ &mut p: &mut &mut T                                                     | inh, m ⊢ &mut p: &mut &mut T

                                                                                  | real, m ⊢ p: T
                                                                                  | ------------------------ "Deref(EatBoth)"
                                                                                  | inh, m ⊢ &mut p: &&mut T

 real, ro ⊢ p: T                                                                  |
 -------------------- "DerefMutWithShared"                                        |
 real, m ⊢ &p: &mut T                                                             |

 _, ro ⊢ p: T                                                                     |
 ----------------------------------------- "DerefMutWithShared"                   |
 inh, m ⊢ &p: &mut T, T is not a reference                                        |

 real, ro ⊢ p: &T                                                                 | real, ro ⊢ p: T
 -------------------- "DerefMutWithShared"                                        | -------------------- "Deref(EatBoth)"
 inh, m ⊢ &p: &mut &T                                                             | inh, m ⊢ &p: &mut &T

 real, ro ⊢ p: &mut T                                                             |
 ------------------------ "DerefMutWithShared"                                    |
 inh, m ⊢ &p: &mut &mut T                                                         |

                                                                                  | r, m ⊢ ref x: T
                                                                                  | ------------------ "RefBindingResetBindingMode"
                                                                                  | inh, m ⊢ ref x: &T

                                                                                  | r, m ⊢ ref x: T
                                                                                  | ---------------------- "RefBindingResetBindingMode"
                                                                                  | inh, m ⊢ ref x: &mut T

                                                                                  | r, m ⊢ ref mut x: T
                                                                                  | ---------------------- "RefBindingResetBindingMode"
                                                                                  | inh, m ⊢ ref mut x: &T

                                                                                  | r, m ⊢ ref mut x: T
                                                                                  | -------------------------- "RefBindingResetBindingMode"
                                                                                  | inh, m ⊢ ref mut x: &mut T

                                                                                  | r, m ⊢ mut x: T
 ------------------ "Binding"                                                     | ------------------ "MutBindingResetBindingMode"
 inh, m ⊢ mut x: &T                                                               | inh, m ⊢ mut x: &T

                                                                                  | r, m ⊢ mut x: T
 ---------------------- "Binding"                                                 | ---------------------- "MutBindingResetBindingMode"
 inh, m ⊢ mut x: &mut T                                                           | inh, m ⊢ mut x: &mut T


allow_ref_pat_on_ref_mut: true -> false
downgrade_mut_inside_shared: false
eat_inherited_ref_alone: true -> false
eat_mut_inside_shared: true
fallback_to_outer: "No"
inherited_ref_on_ref: "EatOuter" -> "EatBoth"
match_constructor_through_ref: true
mut_binding_on_inherited: "Keep" -> "ResetBindingMode"
ref_binding_on_inherited: "Error" -> "ResetBindingMode"
simplify_deref_mut: true
real, rw ⊢ [&x]: &[AT]
// Applying rule `ConstructorRef`
inh, ro ⊢ &x: &AT
// Type error for `inh, ro ⊢ &x: &AT`: TooAbstract(Type)
