---
source: tests/trace_cli.rs
info: set downgrade_mut_inside_shared true
---
downgrade_mut_inside_shared: false -> true

-p0 @ &mut (*e).0: &mut T0,  p1 @ &mut (*e).1: &mut T1
------------------------------------------------------ "ConstructorRef"
-[p0, p1] @ e: &mut [T0, T1]

+p0 @ &(*e).0: &T0,  p1 @ &(*e).1: &T1
+---------------------------------------- "ConstructorRef"
+[p0, p1] @ e: &mut [T0, T1], e read-only

+p0 @ &mut (*e).0: &mut T0,  p1 @ &mut (*e).1: &mut T1
+----------------------------------------------------- "ConstructorRef"
+[p0, p1] @ e: &mut [T0, T1], e mutable

-[p0, p1] @ &mut **e: &mut T
---------------------------- "ConstructorMultiRef"
-[p0, p1] @ e: &mut &mut T

+[p0, p1] @ &**e: &T
+-------------------------------------- "ConstructorMultiRef"
+[p0, p1] @ e: &mut &mut T, e read-only

+[p0, p1] @ &mut **e: &mut T
+------------------------------------ "ConstructorMultiRef"
+[p0, p1] @ e: &mut &mut T, e mutable
