---
source: tests/trace_cli.rs
info: set downgrade_mut_inside_shared true
---
downgrade_mut_inside_shared: false -> true

-p0 @ &mut (*q).0: &mut T0,  p1 @ &mut (*q).1: &mut T1
------------------------------------------------------ "ConstructorRef"
-[p0, p1] @ q: &mut [T0, T1]

+p0 @ &(*q).0: &T0,  p1 @ &(*q).1: &T1
+-------------------------------------------------------------------- "ConstructorRef"
+[p0, p1] @ q: &mut [T0, T1], q has read-only access to the scrutinee

+p0 @ &mut (*q).0: &mut T0,  p1 @ &mut (*q).1: &mut T1
+------------------------------------------------------------------ "ConstructorRef"
+[p0, p1] @ q: &mut [T0, T1], q has mutable access to the scrutinee

-[p0, p1] @ &mut **q: &mut T
---------------------------- "ConstructorMultiRef"
-[p0, p1] @ q: &mut &mut T

+[p0, p1] @ &**q: &T
+------------------------------------------------------------------ "ConstructorMultiRef"
+[p0, p1] @ q: &mut &mut T, q has read-only access to the scrutinee

+[p0, p1] @ &mut **q: &mut T
+---------------------------------------------------------------- "ConstructorMultiRef"
+[p0, p1] @ q: &mut &mut T, q has mutable access to the scrutinee
