---
source: tests/trace_solver.rs
info:
  options:
    ref_binding_on_inherited: AllocTemporary
    mut_binding_on_inherited: Keep
    inherited_ref_on_ref: EatOuter
    allow_ref_pat_on_ref_mut: true
    simplify_expressions: true
    eat_inherited_ref_alone: true
    downgrade_shared_inside_shared: false
  bundle_name: permissive
  request: "&[[&mut x]]: &[&mut [T]]"
---
&[[&mut x]] @ p: &[&mut [T]]
// Applying rule `Deref(EatOuter)`
[[&mut x]] @ *p: [&mut [T]]
// Applying rule `Constructor`
[&mut x] @ (*p).0: &mut [T]
// Applying rule `ConstructorRef`
&mut x @ &mut (*(*p).0).0: &mut T
// Applying rule `Deref(EatOuter)`
x @ *&mut (*(*p).0).0: T
// Applying rule `ExprSimplification`
x @ (*(*p).0).0: T

// Final bindings (simplified):
let x: T = (*(*p).0).0
